[backblue.gif]
[fade.gif]
[index.html]
[www.w3.org/1999/xhtml/index.html]
[www.process.org/favicon.ico]
[process.org/proc.gif]
[process.org/index.html]
[www.process.org/discept/index.html]
[www.w3.org/1999/xhtml/index.html]
[www.process.org/js/sweetTitles.js]
[www.process.org/discept/wp-content/plugins/ck-karma/ck-karma.js]
[www.process.org/discept/feed/index.html]
[www.process.org/discept/2016/02/index.html]
[www.process.org/discept/feed/atom/index.html]
[www.process.org/discept/2015/01/index.html]
[www.process.org/discept/2013/11/index.html]
[www.process.org/discept/2013/07/index.html]
[www.process.org/discept/2013/06/index.html]
[www.process.org/discept/wp-content/plugins/wp-polls/images/default_gradient/pollbg.gif]
[www.process.org/discept/2013/05/index.html]
[www.process.org/discept/2012/10/index.html]
[www.process.org/discept/2012/07/index.html]
[www.process.org/discept/2011/11/index.html]
[www.process.org/discept/2012/02/index.html]
[www.process.org/discept/2011/02/index.html]
[www.process.org/discept/2010/11/index.html]
[www.process.org/discept/wp-includes/js/jquery/jquery4a5f.js]
[www.process.org/discept/2010/10/index.html]
[www.process.org/discept/2010/03/index.html]
[www.process.org/discept/2010/02/index.html]
[www.process.org/discept/2010/01/index.html]
[www.process.org/discept/wp-includes/js/jquery/jquery-migrate.min330a.js]
[www.process.org/discept/2009/10/index.html]
[www.process.org/discept/2009/11/index.html]
[www.process.org/discept/2009/08/index.html]
[www.process.org/discept/xmlrpc0db0.php]
[www.process.org/discept/2009/05/index.html]
[www.process.org/discept/2009/02/index.html]
[www.process.org/discept/2009/04/index.html]
[www.process.org/discept/wp-includes/wlwmanifest.xml]
[www.process.org/discept/2008/12/index.html]
[www.process.org/discept/2008/10/index.html]
[www.process.org/discept/2008/08/index.html]
[www.process.org/discept/2008/07/index.html]
[www.process.org/discept/2008/06/index.html]
[www.process.org/discept/wp-content/plugins/quicktime-embed/qtobject.js]
[www.process.org/discept/2008/03/index.html]
[www.process.org/discept/2008/04/index.html]
[www.process.org/discept/2008/02/index.html]
[www.process.org/discept/2007/12/index.html]
[www.process.org/discept/2008/01/index.html]
[www.process.org/discept/wp-json/index.html]
[www.process.org/discept/wp-content/uploads/2016/02/1967b210e87b887c9e2a1349ad2bf830.jpg]
[www.process.org/discept/comments/feed/index.html]
[www.process.org/discept/2016/02/05/there-is-a-network-of-delusional-witch-hunters-in-the-mental-health-profession-and-we-must-stop-them/index.html]
[www.process.org/discept/author/doug/index.html]
[www.process.org/discept/wp-content/uploads/2016/02/1967b210e87b887c9e2a1349ad2bf830-300x169.jpg]
[www.process.org/discept/category/abnormal-sociology/index.html]
[www.process.org/discept/category/collective-efforts/index.html]
[www.process.org/discept/wp-content/uploads/2015/01/3b46053r.jpg]
[www.process.org/discept/category/law/index.html]
[www.process.org/discept/category/science/index.html]
[www.process.org/discept/2016/02/05/there-is-a-network-of-delusional-witch-hunters-in-the-mental-health-profession-and-we-must-stop-them/feed/index.html]
[www.process.org/discept/2015/01/06/where-the-witch-hunters-are-satanic-panic-and-mental-health-malpractice/index.html]
[www.process.org/discept/wp-content/uploads/2015/01/3b46053r-300x220.jpg]
[www.process.org/discept/category/belief-systems/index.html]
[www.process.org/discept/category/bunco/index.html]
[www.process.org/discept/wp-content/uploads/2013/11/money-talks-Edited.jpg]
[www.process.org/discept/2013/11/09/mental-health-malpractice-cover-up-castlewood-treatment-center-seeks-to-purchase-plaintiff-gag-order/index.html]
[www.process.org/discept/2015/01/06/where-the-witch-hunters-are-satanic-panic-and-mental-health-malpractice/feed/index.html]
[www.process.org/discept/wp-content/uploads/2013/11/money-talks-Edited-259x300.jpg]
[www.process.org/discept/category/introspection/index.html]
[www.process.org/discept/2013/11/09/mental-health-malpractice-cover-up-castlewood-treatment-center-seeks-to-purchase-plaintiff-gag-order/feed/index.html]
[www.process.org/discept/2013/07/11/dr-randy-noblitt-satanic-limb-transplants-and-the-music-of-mind-control/index.html]
[www.process.org/discept/wp-content/uploads/2013/07/Mammoth-thing-Mind-Control.jpg]
[www.process.org/discept/wp-content/uploads/2013/07/Mammoth-thing-Mind-Control-198x300.jpg]
[www.process.org/discept/2013/07/11/dr-randy-noblitt-satanic-limb-transplants-and-the-music-of-mind-control/feed/index.html]
[www.process.org/discept/2013/06/21/sean-sellers-the-devil-and-death-row/index.html]
[www.process.org/discept/wp-content/uploads/2013/06/Sellers-interview.gif]
[www.process.org/discept/wp-content/uploads/2013/06/Sellers-interview-300x214.gif]
[www.process.org/discept/2013/05/25/mark-schwartz-accused-of-malpractice-removed-from-castlewood-clinic-staff/index.html]
[www.process.org/discept/2013/06/21/sean-sellers-the-devil-and-death-row/feed/index.html]
[www.process.org/discept/wp-content/uploads/2013/05/Castlewood-Center.jpg]
[www.process.org/discept/wp-content/uploads/2013/05/Castlewood-Center-300x169.jpg]
[www.process.org/discept/2013/05/25/mark-schwartz-accused-of-malpractice-removed-from-castlewood-clinic-staff/feed/index.html]
[www.process.org/discept/wp-content/uploads/2012/07/134378358060394-22.jpg]
[www.process.org/discept/2012/10/19/open-letter-to-dr-phil-a-public-mental-health-menace/index.html]
[www.process.org/discept/2012/07/31/ted-gunderson-death-of-a-public-paranoid/index.html]
[www.process.org/discept/2012/10/19/open-letter-to-dr-phil-a-public-mental-health-menace/feed/index.html]
[www.process.org/discept/wp-content/uploads/2012/07/134378358060394-22-265x300.jpg]
[www.process.org/discept/2012/07/31/ted-gunderson-death-of-a-public-paranoid/feed/index.html]
[www.process.org/discept/author/quaeler/index.html]
[www.process.org/discept/author/william/index.html]
[www.process.org/discept/page/2/index.html]
[www.process.org/discept/2012/07/12/mass-hallucination-hysteria-miracles/index.html]
[www.process.org/discept/2011/11/17/draco-death-to-the-virus/index.html]
[www.process.org/discept/category/governmental-policies/index.html]
[www.process.org/discept/wp-content/plugins/wp-polls/polls-js6f8a.js]
[www.process.org/discept/category/math/index.html]
[www.process.org/discept/category/reality-frames/index.html]
[www.process.org/discept/category/site-notices/index.html]
[www.process.org/discept/category/societal-policies/index.html]
[www.process.org/discept/category/subversion/index.html]
[www.process.org/discept/category/technology/index.html]
[www.process.org/discept/category/transhumanism/index.html]
[www.process.org/discept/wp-includes/js/wp-embed.min35eb.js]
[www.process.org/discept/index.html]
[process.org/procbgblk.jpg]
[process.org/tor.html]
[www.process.org/discept/feed/rss/index.html]
[www.process.org/discept/xmlrpc.php]
[www.process.org/discept/2016/02/index.html]
[www.process.org/discept/2015/01/index.html]
[www.process.org/discept/2013/11/index.html]
[www.process.org/discept/2013/07/index.html]
[www.process.org/discept/2013/06/index.html]
[www.process.org/discept/2013/05/index.html]
[www.process.org/discept/2012/10/index.html]
[www.process.org/discept/2012/07/index.html]
[www.process.org/discept/2012/07/12/mass-hallucination-hysteria-miracles/feed/index.html]
[www.process.org/discept/2012/02/index.html]
[www.process.org/discept/2012/02/28/reminiscent-of-1692-a-modern-missouri-witch-hunt/index.html]
[www.process.org/discept/2011/11/index.html]
[www.process.org/discept/2011/02/26/among-the-brain-washed-and-abused/index.html]
[www.process.org/discept/2011/02/index.html]
[www.process.org/discept/2011/11/17/draco-death-to-the-virus/feed/index.html]
[www.process.org/discept/2012/02/28/reminiscent-of-1692-a-modern-missouri-witch-hunt/feed/index.html]
[www.process.org/discept/2011/02/26/among-the-brain-washed-and-abused/feed/index.html]
[www.process.org/discept/2010/11/index.html]
[www.process.org/discept/2010/11/07/in-defense-of-neil-brick-psychotherapist/index.html]
[www.process.org/discept/2010/11/29/my-lie-an-interview-with-author-meredith-maran/feed/index.html]
[www.process.org/discept/2010/11/29/my-lie-an-interview-with-author-meredith-maran/index.html]
[www.process.org/discept/2010/11/07/in-defense-of-neil-brick-psychotherapist/feed/index.html]
[www.process.org/discept/2010/10/index.html]
[www.process.org/discept/2010/10/18/among-the-abducted/feed/index.html]
[www.process.org/discept/2010/10/18/among-the-abducted/index.html]
[www.process.org/discept/2010/03/index.html]
[www.process.org/discept/2010/03/10/administrivia-march-2010/index.html]
[www.process.org/discept/2010/03/10/administrivia-march-2010/feed/index.html]
[www.process.org/discept/2010/02/index.html]
[www.process.org/discept/2010/02/08/dr-colin-a-ross-psychiatry-the-supernatural-and-malpractice-most-foul/index.html]
[www.process.org/discept/2010/02/14/gumbo/index.html]
[www.process.org/discept/2010/02/14/gumbo/feed/index.html]
[www.process.org/discept/2010/02/08/dr-colin-a-ross-psychiatry-the-supernatural-and-malpractice-most-foul/feed/index.html]
[www.process.org/discept/2010/01/index.html]
[www.process.org/discept/2010/01/30/lies-levitation-and-defamations-most-foul/index.html]
[www.process.org/discept/2009/11/index.html]
[www.process.org/discept/2010/01/30/lies-levitation-and-defamations-most-foul/feed/index.html]
[www.process.org/discept/2009/11/15/remembering-lies-interview-with-psychiatric-abuse-victim-jeannette-bartha/feed/index.html]
[www.process.org/discept/2009/11/15/remembering-lies-interview-with-psychiatric-abuse-victim-jeannette-bartha/index.html]
[www.process.org/discept/2009/10/index.html]
[www.process.org/discept/2009/10/18/electric/index.html]
[www.process.org/discept/2009/10/16/last-train-to-transcendental/index.html]
[www.process.org/discept/2009/10/18/electric/feed/index.html]
[www.process.org/discept/2009/10/16/last-train-to-transcendental/feed/index.html]
[www.process.org/discept/2009/10/11/imagining-the-world-without-you/index.html]
[www.process.org/discept/2009/10/11/imagining-the-world-without-you/feed/index.html]
[www.process.org/discept/2009/08/31/report-from-the-s-m-a-r-t-ritual-abusemind-control-conference-2009-part-2/index.html]
[www.process.org/discept/2009/08/31/report-from-the-s-m-a-r-t-ritual-abusemind-control-conference-2009-part-2/feed/index.html]
[www.process.org/discept/2009/08/index.html]
[www.process.org/discept/2009/08/25/report-from-the-s-m-a-r-t-ritual-abusemind-control-conference-2009/index.html]
[www.process.org/discept/2009/08/25/report-from-the-s-m-a-r-t-ritual-abusemind-control-conference-2009/feed/index.html]
[www.process.org/discept/2009/05/index.html]
[www.process.org/discept/2009/05/17/and-six-thousand-steps-back/index.html]
[www.process.org/discept/2009/05/04/love-sex-fear-death/index.html]
[www.process.org/discept/2009/05/17/and-six-thousand-steps-back/feed/index.html]
[www.process.org/discept/2009/05/04/love-sex-fear-death/feed/index.html]
[www.process.org/discept/2009/05/03/cfp-2010-nsk-congress/index.html]
[www.process.org/discept/2009/05/03/cfp-2010-nsk-congress/feed/index.html]
[www.process.org/discept/2009/04/20/neurocreationism/index.html]
[www.process.org/discept/2009/04/index.html]
[www.process.org/discept/2009/04/13/comfortable-delusions-an-interview-with-ray-comfort/index.html]
[www.process.org/discept/2009/04/06/reading-writing-transcendent-levitation/index.html]
[www.process.org/discept/2009/04/20/neurocreationism/feed/index.html]
[www.process.org/discept/2009/04/13/comfortable-delusions-an-interview-with-ray-comfort/feed/index.html]
[www.process.org/discept/2009/04/06/reading-writing-transcendent-levitation/feed/index.html]
[www.process.org/discept/2009/02/index.html]
[www.process.org/discept/2009/02/18/life-on-planes/index.html]
[www.process.org/discept/2009/02/20/the-negative-mutation-of-social-networks/index.html]
[www.process.org/discept/2009/02/20/the-negative-mutation-of-social-networks/feed/index.html]
[www.process.org/discept/2009/02/18/life-on-planes/feed/index.html]
[www.process.org/discept/2008/12/index.html]
[www.process.org/discept/2008/12/15/myth-as-asylum-from-questioning/index.html]
[www.process.org/discept/2008/12/08/2009-prediction-extended-neighborhood-watch-nabs-criminals/index.html]
[www.process.org/discept/2008/12/15/myth-as-asylum-from-questioning/feed/index.html]
[www.process.org/discept/2008/12/08/2009-prediction-extended-neighborhood-watch-nabs-criminals/feed/index.html]
[www.process.org/discept/2008/10/31/an-incongruent-state-of-terrorism/index.html]
[www.process.org/discept/2008/10/31/an-incongruent-state-of-terrorism/feed/index.html]
[www.process.org/discept/2008/10/index.html]
[www.process.org/discept/2008/08/index.html]
[www.process.org/discept/2008/08/24/alice/index.html]
[www.process.org/discept/2008/08/26/the-imminent-speciation/index.html]
[www.process.org/discept/2008/08/26/the-imminent-speciation/feed/index.html]
[www.process.org/discept/2008/08/24/alice/feed/index.html]
[www.process.org/discept/2008/07/index.html]
[www.process.org/discept/2008/07/02/leaving-the-cult-an-interview-with-therapist-john-knapp/feed/index.html]
[www.process.org/discept/2008/07/02/leaving-the-cult-an-interview-with-therapist-john-knapp/index.html]
[www.process.org/discept/2008/06/index.html]
[www.process.org/discept/2008/06/18/psilocybin/feed/index.html]
[www.process.org/discept/2008/06/18/psilocybin/index.html]
[www.process.org/discept/2008/04/index.html]
[www.process.org/discept/2008/04/27/unintelligence-expelled-reviewed/index.html]
[www.process.org/discept/2008/04/07/compassion/index.html]
[www.process.org/discept/2008/04/27/unintelligence-expelled-reviewed/feed/index.html]
[www.process.org/discept/2008/04/07/compassion/feed/index.html]
[www.process.org/discept/2008/03/24/the-empty-safe/feed/index.html]
[www.process.org/discept/2008/03/index.html]
[www.process.org/discept/2008/03/24/the-empty-safe/index.html]
[www.process.org/discept/2008/02/index.html]
[www.process.org/discept/2008/02/25/expulsion/feed/index.html]
[www.process.org/discept/2008/02/25/expulsion/index.html]
[www.process.org/discept/2008/02/15/fear/index.html]
[www.process.org/discept/2008/02/15/fear/feed/index.html]
[www.process.org/discept/2008/02/05/school-for-rodents/index.html]
[www.process.org/discept/2008/01/index.html]
[www.process.org/discept/2008/01/30/of-souls-and-state-machines/index.html]
[www.process.org/discept/2008/02/05/school-for-rodents/feed/index.html]
[www.process.org/discept/2008/01/30/of-souls-and-state-machines/feed/index.html]
[www.process.org/discept/2008/01/25/fluids-of-strangers/index.html]
[www.process.org/discept/2008/01/25/fluids-of-strangers/feed/index.html]
[www.process.org/discept/2008/01/21/mothers-day/index.html]
[www.process.org/discept/2008/01/21/mothers-day/feed/index.html]
[www.process.org/discept/2007/12/index.html]
[www.process.org/discept/2008/01/22/4-reasons-that-the-afterlife-is-for-chumps/index.html]
[www.process.org/discept/2008/01/21/a-right-to-procreation/index.html]
[www.process.org/discept/wp-includes/css/dist/block-library/style.min35eb.css]
[www.process.org/discept/2008/01/14/whats-wrong-with-stereotypes/index.html]
[www.process.org/discept/2008/01/21/a-right-to-procreation/feed/index.html]
[www.process.org/discept/wp-content/plugins/wp-polls/polls-css6f8a.css]
[www.process.org/discept/2008/01/22/4-reasons-that-the-afterlife-is-for-chumps/feed/index.html]
[www.process.org/discept/2008/01/11/mental-robots/index.html]
[www.process.org/discept/2008/01/08/the-erosion-of-quality/index.html]
[www.process.org/discept/2008/01/14/whats-wrong-with-stereotypes/feed/index.html]
[www.process.org/discept/2008/01/11/mental-robots/feed/index.html]
[www.process.org/discept/2008/01/08/the-erosion-of-quality/feed/index.html]
[www.process.org/discept/wp-content/plugins/wp-to-twitter/images/spritev2.png]
[www.process.org/discept/wp-content/plugins/wp-to-twitter/css/twitter-feed35eb.css]
[www.process.org/discept/2008/01/page/2/index.html]
[www.process.org/discept/2007/12/31/and-begin/index.html]
[www.process.org/discept/2007/12/30/as-it-was/index.html]
[www.process.org/discept/2007/12/31/and-begin/feed/index.html]
[www.process.org/discept/2007/12/30/as-it-was/feed/index.html]
[www.process.org/discept/wp-content/themes/winter-styled-10/images/neue_proc_bg_lighter.jpg]
[www.process.org/discept/2007/12/29/a-new-era-in-legal-culpability/index.html]
[www.process.org/discept/wp-content/themes/winter-styled-10/images/grey_red_51alpha.png]
[www.process.org/discept/wp-content/themes/winter-styled-10/style.css]
[www.process.org/discept/2007/12/29/a-new-era-in-legal-culpability/feed/index.html]
[www.process.org/discept/wp-json/oembed/1.0/embed6d8a.json]
[www.process.org/discept/wp-json/oembed/1.0/embedc72a]
[www.process.org/discept/wp-content/uploads/2016/02/Screen-Shot-2015-02-26-at-8.38.33-PM-1.png]
[www.process.org/discept/wp-content/uploads/2016/02/Screen-Shot-2015-02-26-at-8.38.33-PM-1-300x184.png]
[www.process.org/discept/wp-content/uploads/2016/02/Taylor_Brice_-_Thanks_for_the_memories.jpg]
[www.process.org/discept/wp-content/uploads/2016/02/Taylor_Brice_-_Thanks_for_the_memories-193x300.jpg]
[www.process.org/discept/wp-content/uploads/2016/02/1397261_354756847993671_1771077895_o-2.jpg]
[www.process.org/discept/wp-content/uploads/2016/02/1397261_354756847993671_1771077895_o-2-300x300.jpg]
[www.process.org/discept/2016/02/05/there-is-a-network-of-delusional-witch-hunters-in-the-mental-health-profession-and-we-must-stop-them/index.html]
[www.process.org/discept/author/doug/index.html]
[www.process.org/discept/category/abnormal-sociology/index.html]
[www.process.org/discept/category/collective-efforts/index.html]
[www.process.org/discept/category/abnormal-sociology/feed/index.html]
[www.process.org/discept/author/doug/feed/index.html]
[www.process.org/discept/category/law/index.html]
[www.process.org/discept/category/collective-efforts/feed/index.html]
[www.process.org/discept/category/science/index.html]
[www.process.org/discept/category/law/feed/index.html]
[www.process.org/discept/category/science/feed/index.html]
[www.process.org/discept/author/doug/page/2/index.html]
[www.process.org/discept/category/abnormal-sociology/page/2/index.html]
[www.process.org/discept/category/law/page/2/index.html]
[www.process.org/discept/category/science/page/2/index.html]
[www.process.org/discept/wp-json/oembed/1.0/embed4b72.json]
[www.process.org/discept/wp-json/oembed/1.0/embede3f8]
[www.process.org/discept/2015/01/06/where-the-witch-hunters-are-satanic-panic-and-mental-health-malpractice/index.html]
[www.process.org/discept/category/belief-systems/index.html]
[www.process.org/discept/category/bunco/index.html]
[www.process.org/discept/category/belief-systems/page/2/index.html]
[www.process.org/discept/category/belief-systems/feed/index.html]
[www.process.org/discept/wp-json/oembed/1.0/embed3995.json]
[www.process.org/discept/category/bunco/feed/index.html]
[www.process.org/discept/wp-json/oembed/1.0/embed8b49]
[www.process.org/discept/2013/11/09/mental-health-malpractice-cover-up-castlewood-treatment-center-seeks-to-purchase-plaintiff-gag-order/index.html]
[www.process.org/discept/category/introspection/index.html]
[www.process.org/discept/category/introspection/page/2/index.html]
[www.process.org/discept/category/introspection/feed/index.html]
[www.process.org/discept/category/bunco/page/2/index.html]
[www.process.org/discept/wp-json/oembed/1.0/embed905b.json]
[www.process.org/discept/wp-json/oembed/1.0/embede98e]
[www.process.org/discept/2013/07/11/dr-randy-noblitt-satanic-limb-transplants-and-the-music-of-mind-control/index.html]
[www.process.org/discept/wp-json/oembed/1.0/embed1c69.json]
[www.process.org/discept/wp-json/oembed/1.0/embed1ab7]
[www.process.org/discept/wp-content/uploads/2013/06/dd4.jpg]
[www.process.org/discept/wp-content/uploads/2013/06/dd4-300x150.jpg]
[www.process.org/discept/wp-content/uploads/2013/06/dd5.jpg]
[www.process.org/discept/wp-content/uploads/2013/06/dd5-300x150.jpg]
[www.process.org/discept/wp-content/uploads/2013/06/dd6.jpg]
[www.process.org/discept/wp-content/uploads/2013/06/dd6-300x150.jpg]
[www.process.org/discept/wp-content/uploads/2013/06/dd21.jpg]
[www.process.org/discept/wp-content/uploads/2013/06/dd21-300x150.jpg]
[www.process.org/discept/2013/06/21/sean-sellers-the-devil-and-death-row/index.html]
[www.process.org/discept/wp-json/oembed/1.0/embed5c96.json]
[www.process.org/discept/wp-json/oembed/1.0/embedea05]
[www.process.org/discept/2013/05/25/mark-schwartz-accused-of-malpractice-removed-from-castlewood-clinic-staff/index.html]
[www.process.org/discept/wp-json/oembed/1.0/embedaf75.json]
[www.process.org/discept/wp-json/oembed/1.0/embedcb3f]
[www.process.org/discept/2012/10/19/open-letter-to-dr-phil-a-public-mental-health-menace/index.html]
[www.process.org/discept/wp-json/oembed/1.0/embed5e0a.json]
[www.process.org/discept/wp-json/oembed/1.0/embedad33]
[www.process.org/discept/wp-content/uploads/2012/07/TG-App.png]
[www.process.org/discept/wp-content/uploads/2012/07/TG-App-791x1024.png]
[www.process.org/discept/wp-content/uploads/2012/07/237.png]
[www.process.org/discept/wp-content/uploads/2012/07/241.png]
[www.process.org/discept/wp-content/uploads/2012/07/252.png]
[www.process.org/discept/wp-content/uploads/2012/07/261.png]
[www.process.org/discept/wp-content/uploads/2012/07/271.png]
[www.process.org/discept/2012/07/31/ted-gunderson-death-of-a-public-paranoid/index.html]
[www.process.org/discept/wp-content/uploads/2012/07/060873-gustave-moreau.jpg]
[www.process.org/discept/wp-content/uploads/2011/02/babies-300x225.jpg]
[www.process.org/discept/wp-content/uploads/2010/11/lowres4-150x150.jpg]
[www.process.org/discept/wp-content/uploads/2010/10/P22402081-225x300.jpg]
[www.process.org/discept/page/2/index.html]
[www.process.org/discept/wp-login0345.html]
[www.process.org/discept/author/quaeler/index.html]
[www.process.org/discept/author/william/feed/index.html]
[www.process.org/discept/author/william/index.html]
[www.process.org/discept/page/3/index.html]
[www.process.org/discept/wp-json/oembed/1.0/embed06af.json]
[www.process.org/discept/author/quaeler/feed/index.html]
[www.process.org/discept/author/quaeler/page/2/index.html]
[www.process.org/discept/wp-json/oembed/1.0/embed1ec6]
[www.process.org/discept/2011/11/17/draco-death-to-the-virus/index.html]
[www.process.org/discept/wp-json/oembed/1.0/embedfffa.json]
[www.process.org/discept/wp-json/oembed/1.0/embed518a]
[www.process.org/discept/2012/07/12/mass-hallucination-hysteria-miracles/index.html]
[www.process.org/discept/category/governmental-policies/index.html]
[www.process.org/discept/category/math/index.html]
[www.process.org/discept/category/reality-frames/index.html]
[www.process.org/discept/category/site-notices/index.html]
[www.process.org/discept/category/math/feed/index.html]
[www.process.org/discept/category/site-notices/feed/index.html]
[www.process.org/discept/category/governmental-policies/feed/index.html]
[www.process.org/discept/category/societal-policies/index.html]
[www.process.org/discept/category/reality-frames/feed/index.html]
[www.process.org/discept/category/societal-policies/feed/index.html]
[www.process.org/discept/category/subversion/index.html]
[www.process.org/discept/category/societal-policies/page/2/index.html]
[www.process.org/discept/category/technology/index.html]
[www.process.org/discept/category/technology/feed/index.html]
[www.process.org/discept/category/transhumanism/index.html]
[www.process.org/discept/2008/01/05/a-unique-invitation-into-a-subversive-conspiracy/index.html]
[www.process.org/index.html]
[www.process.org/discept/wp-login1a31.html]
[www.process.org/discept/wp-login5e08.html]
[www.process.org/discept/wp-login0399.html]
[www.process.org/discept/wp-login3210.html]
[www.process.org/discept/wp-loginb4cf.html]
[www.process.org/discept/wp-login96c8.html]
[www.process.org/discept/wp-loginb2d5.html]
[www.process.org/discept/wp-login77a3.html]
[www.process.org/discept/category/transhumanism/feed/index.html]
[www.process.org/discept/category/subversion/feed/index.html]
[www.process.org/discept/2008/01/05/a-unique-invitation-into-a-subversive-conspiracy/feed/index.html]
[www.process.org/discept/wp-json/oembed/1.0/embed59b0.json]
[www.process.org/discept/wp-json/oembed/1.0/embed3f7e]
[www.process.org/discept/wp-content/uploads/2012/02/Martha-Churchill.jpg]
[www.process.org/discept/wp-content/uploads/2012/02/Martha-Churchill-806x1024.jpg]
[www.process.org/discept/2012/02/28/reminiscent-of-1692-a-modern-missouri-witch-hunt/index.html]
[www.process.org/discept/wp-loginf40a.html]
[www.process.org/discept/wp-login639e.html]
[www.process.org/discept/wp-json/oembed/1.0/embed11a2.json]
[www.process.org/discept/wp-json/oembed/1.0/embed312d]
[www.process.org/discept/wp-content/uploads/2011/02/graphs.jpg]
[www.process.org/discept/2011/02/26/among-the-brain-washed-and-abused/index.html]
[www.process.org/discept/wp-loginc08c.html]
[www.process.org/discept/wp-json/oembed/1.0/embed7563.json]
[www.process.org/discept/wp-json/oembed/1.0/embedde33]
[www.process.org/discept/2010/11/29/my-lie-an-interview-with-author-meredith-maran/index.html]
[www.process.org/discept/wp-json/oembed/1.0/embedb49e.json]
[www.process.org/discept/wp-json/oembed/1.0/embed02de]
[www.process.org/discept/2010/11/07/in-defense-of-neil-brick-psychotherapist/index.html]
[www.process.org/discept/wp-loginac6a.html]
[www.process.org/discept/wp-json/oembed/1.0/embed8b4d.json]
[www.process.org/discept/wp-json/oembed/1.0/embed4969]
[www.process.org/discept/2010/10/18/among-the-abducted/index.html]
[www.process.org/discept/wp-loginfcb9.html]
[www.process.org/discept/wp-json/oembed/1.0/embede418.json]
[www.process.org/discept/wp-json/oembed/1.0/embed1223]
[www.process.org/discept/2010/03/10/administrivia-march-2010/index.html]
[www.process.org/discept/wp-login5e2e.html]
[www.process.org/discept/wp-json/oembed/1.0/embed5074.json]
[www.process.org/discept/wp-json/oembed/1.0/embed3c74]
[www.process.org/discept/2010/02/14/gumbo/index.html]
[www.process.org/discept/wp-json/oembed/1.0/embeda381.json]
[www.process.org/discept/wp-json/oembed/1.0/embed870e]
[www.process.org/discept/wp-content/uploads/2010/02/drrossb1.jpg]
[www.process.org/discept/wp-content/uploads/2010/02/eye-burrito.jpg]
[www.process.org/discept/2010/02/08/dr-colin-a-ross-psychiatry-the-supernatural-and-malpractice-most-foul/index.html]
[www.process.org/discept/wp-login107e.html]
[www.process.org/discept/wp-json/oembed/1.0/embed0c10.json]
[www.process.org/discept/wp-json/oembed/1.0/embed926e]
[www.process.org/discept/wp-content/uploads/2010/01/lynchcropped3.jpg]
[www.process.org/discept/2010/01/30/lies-levitation-and-defamations-most-foul/index.html]
[www.process.org/discept/wp-login3d3f.html]
[www.process.org/discept/wp-json/oembed/1.0/embed240d.json]
[www.process.org/discept/wp-json/oembed/1.0/embed3c38]
[www.process.org/discept/2009/11/15/remembering-lies-interview-with-psychiatric-abuse-victim-jeannette-bartha/index.html]
[www.process.org/discept/wp-login25f6.html]
[www.process.org/discept/wp-json/oembed/1.0/embed6ff4.json]
[www.process.org/discept/wp-json/oembed/1.0/embeda938]
[www.process.org/discept/wp-content/uploads/2009/06/giant-300x225.jpg]
[www.process.org/discept/2009/10/18/electric/index.html]
[www.process.org/discept/wp-json/oembed/1.0/embed9a25.json]
[www.process.org/discept/wp-json/oembed/1.0/embedbb8c]
[www.process.org/discept/2009/10/16/last-train-to-transcendental/index.html]
[www.process.org/discept/wp-json/oembed/1.0/embed57af.json]
[www.process.org/discept/wp-json/oembed/1.0/embedf350]
[www.process.org/discept/2009/10/11/imagining-the-world-without-you/index.html]
[www.process.org/discept/wp-login5d8b.html]
[www.process.org/discept/wp-json/oembed/1.0/embedf4e9.json]
[www.process.org/discept/wp-json/oembed/1.0/embed27ba]
[www.process.org/discept/2009/08/31/report-from-the-s-m-a-r-t-ritual-abusemind-control-conference-2009-part-2/index.html]
[www.process.org/discept/wp-json/oembed/1.0/embed2784.json]
[www.process.org/discept/wp-json/oembed/1.0/embed60e9]
[www.process.org/discept/2009/08/25/report-from-the-s-m-a-r-t-ritual-abusemind-control-conference-2009/index.html]
[www.process.org/discept/wp-login3fd3.html]
[www.process.org/discept/wp-json/oembed/1.0/embed0558.json]
[www.process.org/discept/wp-json/oembed/1.0/embedc98d]
[www.process.org/discept/2009/05/17/and-six-thousand-steps-back/index.html]
[www.process.org/discept/wp-json/oembed/1.0/embedd7dd.json]
[www.process.org/discept/wp-json/oembed/1.0/embedec23]
[www.process.org/feral_poster.qt]
[www.process.org/feral.qt]
[www.process.org/discept/2009/05/04/love-sex-fear-death/index.html]
[www.process.org/discept/wp-json/oembed/1.0/embed79ac.json]
[www.process.org/discept/wp-json/oembed/1.0/embed8e31]
[www.process.org/discept/2009/05/03/cfp-2010-nsk-congress/index.html]
[www.process.org/discept/wp-logindbd3.html]
[www.process.org/discept/wp-json/oembed/1.0/embed9e80.json]
[www.process.org/discept/wp-json/oembed/1.0/embedfca8]
[www.process.org/discept/wp-content/uploads/2009/04/skeptic1.jpg]
[www.process.org/discept/2009/04/20/neurocreationism/index.html]
[www.process.org/discept/2009/04/20/index.html]
[www.process.org/discept/wp-json/oembed/1.0/embedaa0b.json]
[www.process.org/discept/wp-json/oembed/1.0/embed2d4c]
[www.process.org/discept/wp-content/uploads/2009/04/newimage-2-1-11.jpg]
[www.process.org/discept/2009/04/13/comfortable-delusions-an-interview-with-ray-comfort/index.html]
[www.process.org/discept/wp-json/oembed/1.0/embed8017.json]
[www.process.org/discept/wp-json/oembed/1.0/embedb80e]
[www.process.org/discept/wp-content/uploads/2009/04/levitation.jpg]
[www.process.org/discept/wp-content/uploads/2009/04/supernormal.png]
[www.process.org/discept/2009/04/06/reading-writing-transcendent-levitation/index.html]
[www.process.org/discept/wp-login6195.html]
[www.process.org/discept/wp-json/oembed/1.0/embed9c2f.json]
[www.process.org/discept/wp-json/oembed/1.0/embeda6f1]
[www.process.org/discept/wp-content/uploads/2009/03/exactly_facebook.png]
[www.process.org/discept/wp-content/uploads/2009/03/exactly_facebook-150x150.png]
[www.process.org/discept/2009/02/20/the-negative-mutation-of-social-networks/index.html]
[www.process.org/discept/wp-json/oembed/1.0/embed4221.json]
[www.process.org/discept/wp-json/oembed/1.0/embed8a57]
[www.process.org/discept/wp-content/uploads/2009/02/in_flight.jpg]
[www.process.org/discept/wp-content/uploads/2009/02/materials.jpg]
[www.process.org/discept/wp-content/uploads/2009/02/materials-150x150.jpg]
[www.process.org/discept/wp-content/uploads/2009/02/cardinal_lines.jpg]
[www.process.org/discept/wp-content/uploads/2009/02/cardinal_lines-150x150.jpg]
[www.process.org/discept/wp-content/uploads/2009/02/equator_zones.jpg]
[www.process.org/discept/wp-content/uploads/2009/02/equator_zones-150x150.jpg]
[www.process.org/discept/wp-content/uploads/2009/02/zones.jpg]
[www.process.org/discept/wp-content/uploads/2009/02/zones-150x150.jpg]
[www.process.org/discept/wp-content/uploads/2009/02/flat_triangle.jpg]
[www.process.org/discept/wp-content/uploads/2009/02/flat_triangle-150x150.jpg]
[www.process.org/discept/wp-content/uploads/2009/02/sphere_triangle.jpg]
[www.process.org/discept/wp-content/uploads/2009/02/sphere_triangle-150x150.jpg]
[www.process.org/discept/wp-content/uploads/2009/02/skinned.jpg]
[www.process.org/discept/wp-content/uploads/2009/02/skinned-150x150.jpg]
[www.process.org/discept/wp-content/uploads/2009/02/geodesic.jpg]
[www.process.org/discept/wp-content/uploads/2009/02/geodesic-150x150.jpg]
[www.process.org/discept/wp-content/uploads/2009/02/axial_tilt.jpg]
[www.process.org/discept/wp-content/uploads/2009/02/axial_tilt-150x150.jpg]
[www.process.org/discept/wp-content/uploads/2009/02/orbit_1.jpg]
[www.process.org/discept/wp-content/uploads/2009/02/orbit_1-150x150.jpg]
[www.process.org/discept/wp-content/uploads/2009/02/orbit_2.jpg]
[www.process.org/discept/wp-content/uploads/2009/02/orbit_2-150x150.jpg]
[www.process.org/discept/wp-content/uploads/2009/02/orbit_3.jpg]
[www.process.org/discept/wp-content/uploads/2009/02/orbit_3-150x150.jpg]
[www.process.org/discept/wp-content/uploads/2009/02/orbit_4.jpg]
[www.process.org/discept/wp-content/uploads/2009/02/orbit_4-150x150.jpg]
[www.process.org/discept/2009/02/18/life-on-planes/index.html]
[www.process.org/discept/wp-logina7a5.html]
[www.process.org/discept/wp-json/oembed/1.0/embed659c.json]
[www.process.org/discept/wp-json/oembed/1.0/embed711e]
[www.process.org/discept/wp-content/uploads/2008/12/vatican_museum.jpg]
[www.process.org/discept/2008/12/15/myth-as-asylum-from-questioning/index.html]
[en.wikipedia.org/wiki/File_Worldwide_percentage_of_Adherents_by_Religion.html]
[www.process.org/discept/wp-json/oembed/1.0/embed7411.json]
[www.process.org/discept/wp-json/oembed/1.0/embed1b4c]
[www.process.org/discept/2008/12/08/2009-prediction-extended-neighborhood-watch-nabs-criminals/index.html]
[www.process.org/discept/wp-logincf1a.html]
[www.process.org/discept/wp-json/oembed/1.0/embedaf8e.json]
[www.process.org/discept/wp-json/oembed/1.0/embed5dc3]
[www.process.org/discept/2008/10/31/an-incongruent-state-of-terrorism/index.html]
[www.process.org/discept/wp-login04e5.html]
[www.process.org/discept/wp-json/oembed/1.0/embed4c81.json]
[www.process.org/discept/wp-json/oembed/1.0/embedc263]
[www.process.org/discept/2008/08/26/the-imminent-speciation/index.html]
[www.process.org/discept/wp-json/oembed/1.0/embed7c4f.json]
[www.process.org/discept/wp-json/oembed/1.0/embedbf44]
[www.process.org/discept/2008/08/24/alice/index.html]
[www.process.org/discept/wp-login57c6.html]
[www.process.org/discept/wp-json/oembed/1.0/embed9787.json]
[www.process.org/discept/wp-json/oembed/1.0/embedb763]
[www.process.org/discept/2008/07/02/leaving-the-cult-an-interview-with-therapist-john-knapp/index.html]
[www.process.org/discept/wp-loginda36.html]
[www.process.org/discept/wp-json/oembed/1.0/embeda62d.json]
[www.process.org/discept/wp-json/oembed/1.0/embed4b9a]
[www.process.org/discept/wp-content/uploads/2008/05/597px-psilocybin1.png]
[www.process.org/discept/wp-content/uploads/2008/05/597px-psilocybin1-298x300.png]
[www.process.org/discept/2008/06/18/psilocybin/index.html]
[www.process.org/discept/wp-loginc47c.html]
[www.process.org/discept/wp-json/oembed/1.0/embed1058.json]
[www.process.org/discept/wp-json/oembed/1.0/embed8c00]
[www.process.org/discept/2008/04/27/unintelligence-expelled-reviewed/index.html]
[www.process.org/discept/wp-json/oembed/1.0/embed94d7.json]
[www.process.org/discept/wp-json/oembed/1.0/embed9784]
[www.process.org/discept/2008/04/07/compassion/index.html]
[www.process.org/discept/wp-login8be0.html]
[www.process.org/discept/wp-json/oembed/1.0/embed3a17.json]
[www.process.org/discept/wp-json/oembed/1.0/embed5e17]
[www.process.org/discept/2008/03/24/the-empty-safe/index.html]
[www.process.org/discept/wp-loginaece.html]
[www.process.org/discept/wp-json/oembed/1.0/embeda70d.json]
[www.process.org/discept/wp-json/oembed/1.0/embed4eb9]
[www.process.org/discept/2008/02/25/expulsion/index.html]
[www.process.org/discept/wp-json/oembed/1.0/embed6cbb.json]
[www.process.org/discept/wp-json/oembed/1.0/embedaad9]
[www.process.org/discept/2008/02/15/fear/index.html]
[www.process.org/discept/wp-json/oembed/1.0/embed75ab.json]
[www.process.org/discept/wp-json/oembed/1.0/embedb5ba]
[www.process.org/discept/2008/02/05/school-for-rodents/index.html]
[www.process.org/discept/wp-login5549.html]
[www.process.org/discept/wp-json/oembed/1.0/embedea9d.json]
[www.process.org/discept/wp-json/oembed/1.0/embede157]
[www.process.org/discept/2008/01/30/of-souls-and-state-machines/index.html]
[www.process.org/discept/wp-json/oembed/1.0/embed2574.json]
[www.process.org/discept/wp-json/oembed/1.0/embedd529]
[www.process.org/discept/2008/01/25/fluids-of-strangers/index.html]
[www.process.org/discept/wp-json/oembed/1.0/embedd4aa.json]
[www.process.org/discept/wp-json/oembed/1.0/embeded1e]
[www.process.org/discept/2008/01/22/4-reasons-that-the-afterlife-is-for-chumps/index.html]
[www.process.org/discept/wp-json/oembed/1.0/embed567a.json]
[www.process.org/discept/wp-json/oembed/1.0/embed3e8d]
[www.process.org/discept/2008/01/21/mothers-day/index.html]
[www.process.org/discept/wp-json/oembed/1.0/embed4ed8.json]
[www.process.org/discept/wp-json/oembed/1.0/embed73ce]
[www.process.org/discept/2008/01/21/a-right-to-procreation/index.html]
[www.process.org/discept/wp-json/oembed/1.0/embed2d33.json]
[www.process.org/discept/wp-json/oembed/1.0/embede62f]
[www.process.org/discept/2008/01/14/whats-wrong-with-stereotypes/index.html]
[www.process.org/discept/wp-json/oembed/1.0/embed7b8d.json]
[www.process.org/discept/wp-json/oembed/1.0/embed1375]
[www.process.org/discept/2008/01/11/mental-robots/index.html]
[www.process.org/discept/wp-json/oembed/1.0/embed3272.json]
[www.process.org/discept/wp-json/oembed/1.0/embed67ad]
[www.process.org/discept/2008/01/08/the-erosion-of-quality/index.html]
[www.process.org/discept/2008/01/page/2/index.html]
[www.process.org/discept/wp-login82d7.html]
[www.process.org/discept/wp-json/oembed/1.0/embedef93.json]
[www.process.org/discept/2008/01/07/belief-and-common-reality/feed/index.html]
[www.process.org/discept/wp-json/oembed/1.0/embed2f46]
[www.process.org/discept/2007/12/31/and-begin/index.html]
[www.process.org/discept/wp-json/oembed/1.0/embed808f.json]
[www.process.org/discept/wp-json/oembed/1.0/embedac66]
[www.process.org/discept/2007/12/30/as-it-was/index.html]
[www.process.org/discept/wp-json/oembed/1.0/embed9ebf.json]
[www.process.org/discept/wp-json/oembed/1.0/embed0f5c]
[www.process.org/discept/2007/12/29/a-new-era-in-legal-culpability/index.html]
[www.process.org/discept/wp-logined03.html]
[www.process.org/discept/index8600.html]
[www.process.org/discept/author/doug/page/2/index.html]
[www.process.org/discept/category/abnormal-sociology/page/2/index.html]
[www.process.org/discept/category/law/page/2/index.html]
[www.process.org/discept/category/science/page/2/index.html]
[www.process.org/discept/index29f2.html]
[www.process.org/discept/category/belief-systems/page/2/index.html]
[www.process.org/discept/category/abnormal-sociology/page/3/index.html]
[www.process.org/discept/wp-logincf3e.html]
[www.process.org/discept/category/bunco/page/2/index.html]
[www.process.org/discept/category/science/page/3/index.html]
[www.process.org/discept/index59fe.html]
[www.process.org/discept/author/doug/page/3/index.html]
[www.process.org/discept/category/belief-systems/page/3/index.html]
[www.process.org/discept/category/bunco/page/3/index.html]
[www.process.org/discept/category/introspection/page/2/index.html]
[www.process.org/discept/wp-login8411.html]
[www.process.org/discept/index8f57.html]
[www.process.org/discept/index7451.html]
[www.process.org/discept/indexc56d.html]
[www.process.org/discept/index2dce.html]
[www.process.org/discept/index4181.html]
[www.process.org/discept/page/3/index.html]
[www.process.org/discept/author/quaeler/page/2/index.html]
[www.process.org/discept/wp-login20e1.html]
[www.process.org/discept/wp-loginbf5f.html]
[www.process.org/discept/indexc308.html]
[www.process.org/discept/indexc0cd.html]
[www.process.org/discept/category/societal-policies/page/2/index.html]
[www.process.org/discept/wp-login1abe.html]
[www.process.org/discept/page/4/index.html]
[www.process.org/discept/author/quaeler/page/3/index.html]
[www.process.org/discept/wp-json/oembed/1.0/embeda43c.json]
[www.process.org/discept/wp-json/oembed/1.0/embedb6b6]
[www.process.org/discept/2008/01/05/a-unique-invitation-into-a-subversive-conspiracy/index.html]
[www.process.org/discept/wp-login546e.html]
[www.process.org/discept/index14d6.html]
[www.process.org/discept/indexf53a.html]
[www.process.org/discept/indexdc17.html]
[www.process.org/discept/index21b4.html]
[www.process.org/discept/index7c89.html]
[www.process.org/discept/index1583.html]
[www.process.org/discept/indexc9c3.html]
[www.process.org/discept/wp-loginae62.html]
[www.process.org/discept/index8374.html]
[www.process.org/discept/indexd1c3.html]
[www.process.org/discept/indexb022.html]
[www.process.org/discept/indexa260.html]
[www.process.org/discept/wp-login6e40.html]
[www.process.org/discept/index6ca3.html]
[www.process.org/discept/wp-logine084.html]
[www.process.org/discept/index3ee1.html]
[www.process.org/discept/indexc508.html]
[www.process.org/discept/wp-login255f.html]
[www.process.org/discept/index28bc.html]
[www.process.org/discept/indexe0b1.html]
[www.process.org/discept/wp-login57df.html]
[www.process.org/discept/indexedce.html]
[www.process.org/discept/wp-login0909.html]
[www.process.org/discept/indexb351.html]
[www.process.org/discept/index2e64.html]
[www.process.org/discept/2009/04/20/index.html]
[www.process.org/discept/wp-login156f.html]
[www.process.org/discept/indexbc6e.html]
[www.process.org/discept/wp-login6edb.html]
[www.process.org/discept/indexf6a9.html]
[www.process.org/discept/indexf167.html]
[www.process.org/discept/wp-logine051.html]
[www.process.org/discept/index9751.html]
[www.process.org/discept/indexeffd.html]
[en.wikipedia.org/wiki/Skins.vector.legacy.17d.delayed]
[en.m.wikipedia.org/wiki/File_Worldwide_percentage_of_Adherents_by_Religion.html]
[en.wikipedia.org/static/apple-touch/wikipedia.png]
[commons.wikimedia.org/wiki/File_Worldwide_percentage_of_Adherents_by_Religion.html]
[upload.wikimedia.org/wikipedia/en/thumb/4/4a/Commons-logo.svg/15px-Commons-logo.svg.png]
[upload.wikimedia.org/wikipedia/commons/6/60/Worldwide_percentage_of_Adherents_by_Religion.png]
[upload.wikimedia.org/wikipedia/en/thumb/4/4a/Commons-logo.svg/30px-Commons-logo.svg.png]
[en.wikipedia.org/wiki/Demography_of_the_People's_Republic_of_China.html]
[en.wikipedia.org/wiki/User_Ram_Mallika.html]
[en.wikipedia.org/wiki/User_Wookipedian.html]
[en.wikipedia.org/wiki/User_Damifb.html]
[en.wikipedia.org/wiki/User_talk_Damifb.html]
[en.wikipedia.org/wiki/Atheists.html]
[en.wikipedia.org/wiki/Irreligion.html]
[en.wikipedia.org/wiki/User_Onetruetweedle.html]
[en.wikipedia.org/wiki/User_talk_Onetruetweedle.html]
[en.wikipedia.org/wiki/User_Bryces.html]
[en.wikipedia.org/wiki/User_talk_Bryces.html]
[en.wikipedia.org/wiki/Weak_and_strong_atheism.html]
[en.wikipedia.org/wiki/User_-ramz-.html]
[en.wikipedia.org/wiki/User_talk_-ramz-.html]
[en.wikipedia.org/wiki/User_Aaftabj.html]
[en.wikipedia.org/wiki/User_talk_Aaftabj.html]
[en.wikipedia.org/wiki/File_Worldwide_percentage_of_Adherants_by_Religion.199.delayed]
[en.wikipedia.org/wiki/User_Kupos.html]
[commons.wikimedia.org/wiki/File_Worldwide_percentage_of_Adherents_by_Religion-ar.html]
[upload.wikimedia.org/wikipedia/commons/thumb/3/32/Nuvola_apps_kchart.svg/56px-Nuvola_apps_kchart.svg.png]
[en.wikipedia.org/wiki/Wikipedia_Graphs_and_charts.html]
[upload.wikimedia.org/wikipedia/commons/thumb/9/96/Gnome-edit-delete.svg/20px-Gnome-edit-delete.svg.png]
[upload.wikimedia.org/wikipedia/commons/thumb/6/62/PD-icon.svg/64px-PD-icon.svg.png]
[en.wikipedia.org/wiki/Public_domain.html]
[en.wikipedia.org/w/indexbacb.html]
[upload.wikimedia.org/wikipedia/commons/thumb/6/60/Worldwide_percentage_of_Adherents_by_Religion.png/120px-Worldwide_percentage_of_Adherents_by_Religion.png]
[en.wikipedia.org/wiki/Talk_Major_religious_groups/Archive_3.html]
[en.wikipedia.org/wiki/User_talk_TheGreenEditor/Archive_1.html]
[en.wikipedia.org/wiki/Special_MyTalk.html]
[en.wikipedia.org/wiki/Special_MyContributions.html]
[en.wikipedia.org/w/index9cb2.html]
[en.wikipedia.org/w/indexed40.html]
[en.wikipedia.org/wiki/File_talk_Worldwide_percentage_of_Adherents_by_Religion.html]
[en.wikipedia.org/wiki/Main_Page.html]
[en.wikipedia.org/wiki/Wikipedia_Contents.html]
[en.wikipedia.org/wiki/Portal_Current_events.html]
[en.wikipedia.org/wiki/1972_Honduran_Cup.html]
[en.wikipedia.org/wiki/Wikipedia_About.html]
[en.wikipedia.org/wiki/Help_Contents.html]
[en.wikipedia.org/wiki/Help_Introduction.html]
[en.wikipedia.org/wiki/Wikipedia_Community_portal.html]
[en.wikipedia.org/wiki/Special_RecentChanges.html]
[en.wikipedia.org/wiki/Wikipedia_File_Upload_Wizard.html]
[en.wikipedia.org/wiki/Special_WhatLinksHere/File_Worldwide_percentage_of_Adherents_by_Religion.html]
[en.wikipedia.org/wiki/Special_SpecialPages.html]
[en.wikipedia.org/wiki/Wikipedia_General_disclaimer.html]
[en.wikipedia.org/static/images/footer/wikimedia-button.png]
[en.wikipedia.org/static/images/footer/poweredby_mediawiki_88x31.png]
[en.wikipedia.org/wiki/File_Worldwide_percentage_of_Adherents_by_Religion.html]
[www.process.org/discept/indexae74.html]
[www.process.org/discept/index1098.html]
[www.process.org/discept/index49b1.html]
[www.process.org/discept/wp-logindef8.html]
[www.process.org/discept/index5c90.html]
[i313.photobucket.com/albums/ll363/dougmez/alice3-2.html]
[i313.photobucket.com/albums/ll363/dougmez/pubtest-08-20-08-SU7RLMM-004-1-2.html]
[i313.photobucket.com/albums/ll363/dougmez/alice3-5.html]
[i313.photobucket.com/albums/ll363/dougmez/pubtest-08-20-08-SU7RLMM-004-1-1.html]
[i313.photobucket.com/albums/ll363/dougmez/pubtest-08-20-08-SU7RLMM-004-1-3.html]
[i313.photobucket.com/albums/ll363/dougmez/alice3-4.html]
[i313.photobucket.com/albums/ll363/dougmez/pubtest-08-20-08-SU7RLMM-004-1.html]
[www.process.org/discept/indexdd23.html]
[i313.photobucket.com/albums/ll363/dougmez/Knapp-head.html]
[www.process.org/discept/index5643.html]
[www.process.org/discept/index3c55.html]
[www.process.org/discept/wp-loginf334.html]
[www.process.org/discept/index1c4a.html]
[www.process.org/discept/index88b9.html]
[www.process.org/discept/index40a0.html]
[www.process.org/discept/wp-login3d25.html]
[www.process.org/discept/index970c.html]
[www.process.org/discept/index3965.html]
[www.process.org/discept/index0345.html]
[www.process.org/discept/wp-loginf26d.html]
[www.process.org/discept/index341b.html]
[www.process.org/discept/wp-login5eba.html]
[www.process.org/discept/index5831.html]
[www.process.org/discept/wp-login35a0.html]
[www.process.org/discept/index0735.html]
[www.process.org/discept/indexd8eb.html]
[www.process.org/discept/wp-login90a7.html]
[www.process.org/discept/index0e62.html]
[www.process.org/discept/2008/01/07/belief-and-common-reality/index.html]
[www.process.org/discept/wp-login6060.html]
[www.process.org/discept/indexa1ca.html]
[www.process.org/discept/wp-loginf75a.html]
[www.process.org/discept/index0b69.html]
[www.process.org/discept/index64b4.html]
[www.process.org/discept/indexc4f7.html]
[www.process.org/discept/wp-logina5cb.html]
[www.process.org/discept/index2df4.html]
[www.process.org/discept/author/doug/page/3/index.html]
[www.process.org/discept/category/abnormal-sociology/page/3/index.html]
[www.process.org/discept/category/science/page/3/index.html]
[www.process.org/discept/category/belief-systems/page/3/index.html]
[www.process.org/discept/category/bunco/page/3/index.html]
[www.process.org/discept/wp-logincb78.html]
[www.process.org/discept/page/4/index.html]
[www.process.org/discept/author/quaeler/page/3/index.html]
[www.process.org/discept/index5757.html]
[en.wikipedia.org/wiki/Skins.vector.legacy.html]
[en.m.wikipedia.org/static/apple-touch/wikipedia.png]
[www.process.org/discept/author/doug/page/4/index.html]
[www.process.org/discept/category/belief-systems/page/4/index.html]
[www.process.org/discept/page/5/index.html]
[en.m.wikipedia.org/wiki/Main_Page.html]
[en.m.wikipedia.org/wiki/Yuriy_Prodan.html]
[en.m.wikipedia.org/wiki/Special_Nearby.html]
[en.m.wikipedia.org/w/indexed40.html]
[en.m.wikipedia.org/w/index4791.html]
[en.m.wikipedia.org/wiki/Wikipedia_About.html]
[en.m.wikipedia.org/wiki/Wikipedia_General_disclaimer.html]
[en.m.wikipedia.org/wiki/File_talk_Worldwide_percentage_of_Adherents_by_Religion.html]
[en.m.wikipedia.org/wiki/Talk_Major_religious_groups/Archive_3.html]
[en.m.wikipedia.org/wiki/File_Worldwide_percentage_of_Adherents_by_Religion.html]
[en.m.wikipedia.org/wiki/User_talk_TheGreenEditor/Archive_1.html]
[commons.wikimedia.org/wiki/Skins.vector.legacy.1cb.delayed]
[commons.wikimedia.org/wiki/Special_EntityData/M4652083.json]
[commons.wikimedia.org/wiki/Special_EntityData/M4652083.php]
[commons.wikimedia.org/wiki/Special_EntityData/M4652083.n3]
[commons.wikimedia.org/wiki/Special_EntityData/M4652083.ttl]
[commons.wikimedia.org/wiki/Special_EntityData/M4652083.nt]
[commons.wikimedia.org/wiki/Special_EntityData/M4652083.rdf]
[commons.wikimedia.org/wiki/Special_EntityData/M4652083.jsonld]
[commons.m.wikimedia.org/wiki/File_Worldwide_percentage_of_Adherents_by_Religion.html]
[commons.wikimedia.org/static/apple-touch/commons.png]
[upload.wikimedia.org/wikipedia/commons/6/60/Worldwide_percentage_of_Adherents_by_Religion900d.png]
[commons.wikimedia.org/wiki/Template_Convert_to_wikichart/en.html]
[commons.wikimedia.org/wiki/Template_Convert_to_wikichart/fr.html]
[commons.wikimedia.org/wiki/Template_Convert_to_wikichart/pl.html]
[commons.wikimedia.org/wiki/Template_Convert_to_wikichart/mk.html]
[upload.wikimedia.org/wikipedia/commons/thumb/6/60/Worldwide_percentage_of_Adherents_by_Religion.png/120px-Worldwide_percentage_of_Adherents_by_Religion900d.png]
[commons.wikimedia.org/wiki/User_Jack_Bauer00.html]
[commons.wikimedia.org/wiki/User_talk_Jack_Bauer00.html]
[commons.wikimedia.org/wiki/Special_Contributions/Jack_Bauer00.html]
[commons.wikimedia.org/wiki/Top_200_images_that_should_use_wikicharts.html]
[commons.wikimedia.org/wiki/User_Tryphon/Top_200_graph_images_that_should_use_vector_graphics.html]
[commons.wikimedia.org/wiki/File_Tỷ_lệ_phần_trăm_các_Tín_đồ_Tôn_giáo_trên_thế_giới_(giữa_năm_2005).html]
[commons.wikimedia.org/wiki/Special_Categories.html]
[commons.wikimedia.org/wiki/Category_Religion_statistics.html]
[commons.wikimedia.org/wiki/Category_Pie_charts_in_English.html]
[commons.wikimedia.org/wiki/Category_Images_which_should_use_wikicharts.html]
[commons.wikimedia.org/wiki/Category_PD-user.html]
[commons.wikimedia.org/wiki/Category_Images_created_or_edited_with_IrfanView.html]
[commons.wikimedia.org/wiki/Special_MyTalk.html]
[commons.wikimedia.org/wiki/Special_MyContributions.html]
[commons.wikimedia.org/w/index9cb2.html]
[commons.wikimedia.org/w/indexed40.html]
[commons.wikimedia.org/wiki/File_talk_Worldwide_percentage_of_Adherents_by_Religion.html]
[commons.wikimedia.org/wiki/Main_Page.html]
[commons.wikimedia.org/wiki/Commons_Welcome.html]
[commons.wikimedia.org/wiki/Commons_Community_portal.html]
[commons.wikimedia.org/wiki/Commons_Village_pump.html]
[commons.wikimedia.org/wiki/Special_MyLanguage/Help_Contents.html]
[commons.wikimedia.org/wiki/Special_UploadWizard.html]
[commons.wikimedia.org/wiki/Special_RecentChanges.html]
[commons.wikimedia.org/wiki/Special_NewFiles.html]
[commons.wikimedia.org/wiki/File_Montauban-de-Picardie_Quarry_Cemetery_10.html]
[commons.wikimedia.org/wiki/Commons_Contact_us.html]
[commons.wikimedia.org/wiki/Special_WhatLinksHere/File_Worldwide_percentage_of_Adherents_by_Religion.html]
[commons.wikimedia.org/wiki/Special_RecentChangesLinked/File_Worldwide_percentage_of_Adherents_by_Religion.1f9.delayed]
[commons.wikimedia.org/wiki/Special_SpecialPages.html]
[commons.wikimedia.org/wiki/Commons_General_disclaimer.html]
[commons.wikimedia.org/static/images/footer/wikimedia-button.png]
[commons.wikimedia.org/static/images/footer/poweredby_mediawiki_88x31.png]
[commons.wikimedia.org/wiki/File_Worldwide_percentage_of_Adherents_by_Religion.html]
[en.wikipedia.org/wiki/Demographics_of_China.html]
[en.wikipedia.org/wiki/Demographics_of_Taiwan.html]
[en.wikipedia.org/wiki/China.html]
[en.wikipedia.org/wiki/File_China_population_sex_by_age_on_Nov,_1st,_2020.html]
[upload.wikimedia.org/wikipedia/commons/thumb/5/55/China_population_sex_by_age_on_Nov,_1st,_2020.png/350px-China_population_sex_by_age_on_Nov,_1st,_2020.png]
[en.wikipedia.org/wiki/Population_pyramid.html]
[upload.wikimedia.org/wikipedia/commons/thumb/b/b0/Increase2.svg/11px-Increase2.svg.png]
[en.wikipedia.org/wiki/Zhuang_people.html]
[en.wikipedia.org/wiki/Manchu_people.html]
[en.wikipedia.org/wiki/Hui_people.html]
[en.wikipedia.org/wiki/Miao_people.html]
[en.wikipedia.org/wiki/Uyghurs.html]
[en.wikipedia.org/wiki/Yi_people.html]
[en.wikipedia.org/wiki/Tujia_people.html]
[en.wikipedia.org/wiki/Mongols.html]
[en.wikipedia.org/wiki/Tibetan_people.html]
[en.wikipedia.org/wiki/Bouyei_people.html]
[en.wikipedia.org/wiki/Kam_people.html]
[en.wikipedia.org/wiki/Yao_people.html]
[en.wikipedia.org/wiki/Koreans.html]
[en.wikipedia.org/wiki/Bai_people.html]
[en.wikipedia.org/wiki/Hani_people.html]
[en.wikipedia.org/wiki/Hlai_people.html]
[en.wikipedia.org/wiki/Kazakhs.html]
[en.wikipedia.org/wiki/Dai_people.html]
[en.wikipedia.org/wiki/She_people.html]
[en.wikipedia.org/wiki/Lisu_people.html]
[en.wikipedia.org/wiki/Gelao_people.html]
[en.wikipedia.org/wiki/Lahu_people.html]
[en.wikipedia.org/wiki/Dongxiangs.html]
[en.wikipedia.org/wiki/Wa_people.html]
[en.wikipedia.org/wiki/Sui_people.html]
[en.wikipedia.org/wiki/Nakhi_people.html]
[en.wikipedia.org/wiki/Qiang_people.html]
[en.wikipedia.org/wiki/Monguor_people.html]
[en.wikipedia.org/wiki/Sibe_people.html]
[en.wikipedia.org/wiki/Mulao_people.html]
[en.wikipedia.org/wiki/Kyrgyz_people.html]
[en.wikipedia.org/wiki/Daur_people.html]
[en.wikipedia.org/wiki/Jingpo_people.html]
[en.wikipedia.org/wiki/Salar_people.html]
[en.wikipedia.org/wiki/Blang_people.html]
[en.wikipedia.org/wiki/Maonan_people.html]
[en.wikipedia.org/wiki/Tajiks.html]
[en.wikipedia.org/wiki/Pumi_people.html]
[en.wikipedia.org/wiki/Achang_people.html]
[en.wikipedia.org/wiki/Nu_people.html]
[en.wikipedia.org/wiki/Evenks.html]
[en.wikipedia.org/wiki/Gin_people.html]
[en.wikipedia.org/wiki/Jino_people.html]
[en.wikipedia.org/wiki/Palaung_people.html]
[en.wikipedia.org/wiki/Uzbeks.html]
[en.wikipedia.org/wiki/Russians_in_China.html]
[en.wikipedia.org/wiki/Yugur.html]
[en.wikipedia.org/wiki/Monpa_people.html]
[en.wikipedia.org/wiki/Oroqen_people.html]
[en.wikipedia.org/wiki/Derung_people.html]
[en.wikipedia.org/wiki/Tatars.html]
[en.wikipedia.org/wiki/Nanai_people.html]
[en.wikipedia.org/wiki/Lhoba_people.html]
[en.wikipedia.org/wiki/Standard_Chinese.html]
[en.wikipedia.org/wiki/Languages_of_China.html]
[en.wikipedia.org/wiki/One-child_policy.html]
[en.wikipedia.org/wiki/2020_Chinese_census.html]
[en.wikipedia.org/wiki/Ethnic_minorities_in_China.html]
[en.wikipedia.org/wiki/2010_Chinese_census.html]
[en.wikipedia.org/wiki/Mainland_China.html]
[en.wikipedia.org/wiki/Demographics_of_Hong_Kong.html]
[en.wikipedia.org/wiki/Demographics_of_Macau.html]
[en.wikipedia.org/wiki/Mw-data_TemplateStyles_r1033289096.249.delayed]
[en.wikipedia.org/wiki/Ethnic_groups_in_Chinese_history.html]
[en.wikipedia.org/wiki/File_Wiki_letter_w_cropped.html]
[upload.wikimedia.org/wikipedia/commons/thumb/1/1c/Wiki_letter_w_cropped.svg/20px-Wiki_letter_w_cropped.svg.png]
[en.wikipedia.org/wiki/Population_history_of_China.html]
[en.wikipedia.org/wiki/File_China_population_growth.html]
[en.wikipedia.org/wiki/File_Historical_population_of_India_and_China.html]
[upload.wikimedia.org/wikipedia/commons/thumb/5/56/Historical_population_of_India_and_China.svg/300px-Historical_population_of_India_and_China.svg.png]
[upload.wikimedia.org/wikipedia/commons/thumb/5/55/China_population_sex_by_age_on_Nov,_1st,_2020.png/300px-China_population_sex_by_age_on_Nov,_1st,_2020.png]
[en.wikipedia.org/wiki/Mao_Zedong.html]
[en.wikipedia.org/wiki/Mw-data_TemplateStyles_r1039153519.258.delayed]
[en.wikipedia.org/wiki/Warring_States.html]
[en.wikipedia.org/wiki/Western_Han.html]
[en.wikipedia.org/wiki/Eastern_Han.html]
[en.wikipedia.org/wiki/Sixteen_Kingdoms.html]
[en.wikipedia.org/wiki/Western_Jin.html]
[en.wikipedia.org/wiki/Northern_and_Southern_dynasties.html]
[en.wikipedia.org/wiki/Sui_dynasty.html]
[en.wikipedia.org/wiki/Tang_dynasty.html]
[en.wikipedia.org/wiki/Northern_Song.html]
[en.wikipedia.org/wiki/Southern_Song.html]
[en.wikipedia.org/wiki/Yuan_dynasty.html]
[en.wikipedia.org/wiki/Ming_dynasty.html]
[en.wikipedia.org/wiki/Qing_dynasty.html]
[en.wikipedia.org/wiki/Qing.html]
[en.wikipedia.org/wiki/Republic_of_China_(1912–1949).html]
[en.wikipedia.org/wiki/People's_Republic_of_China.html]
[en.wikipedia.org/wiki/Census_in_China.html]
[en.wikipedia.org/wiki/1953_Chinese_census.html]
[en.wikipedia.org/wiki/1964_Chinese_census.html]
[en.wikipedia.org/wiki/1982_Chinese_census.html]
[en.wikipedia.org/wiki/1990_Chinese_census.html]
[en.wikipedia.org/wiki/2000_Chinese_census.html]
[en.wikipedia.org/wiki/United_Nations_Fund_for_Population_Activities.html]
[en.wikipedia.org/wiki/Obstetrics.html]
[en.wikipedia.org/wiki/Yi_Fuxian.html]
[en.wikipedia.org/wiki/File_China_Sex_by_Age_1953_census.html]
[upload.wikimedia.org/wikipedia/commons/thumb/2/2a/China_Sex_by_Age_1953_census.png/276px-China_Sex_by_Age_1953_census.png]
[en.wikipedia.org/wiki/File_China_Sex_By_Age_1964_census.html]
[upload.wikimedia.org/wikipedia/commons/thumb/3/37/China_Sex_By_Age_1964_census.png/276px-China_Sex_By_Age_1964_census.png]
[en.wikipedia.org/wiki/File_China_Sex_By_Age_1982_census.html]
[en.wikipedia.org/wiki/File_China_Sex_By_Age_1990_census.html]
[upload.wikimedia.org/wikipedia/commons/thumb/0/04/China_Sex_By_Age_1990_census.png/275px-China_Sex_By_Age_1990_census.png]
[en.wikipedia.org/wiki/File_China_Sex_By_Age_2000_census.html]
[upload.wikimedia.org/wikipedia/commons/thumb/5/55/China_population_sex_by_age_on_Nov,_1st,_2020.png/276px-China_population_sex_by_age_on_Nov,_1st,_2020.png]
[en.wikipedia.org/wiki/File_China_population_pyramid_projected_for_2030.html]
[upload.wikimedia.org/wikipedia/commons/thumb/8/8e/China_population_pyramid_projected_for_2030.png/275px-China_population_pyramid_projected_for_2030.png]
[en.wikipedia.org/wiki/Hebei.html]
[en.wikipedia.org/wiki/Tianjin.html]
[en.wikipedia.org/wiki/Shanxi.html]
[en.wikipedia.org/wiki/Inner_Mongolia.html]
[en.wikipedia.org/wiki/Rehe_Province.html]
[en.wikipedia.org/wiki/Liaoning.html]
[en.wikipedia.org/wiki/Jilin.html]
[en.wikipedia.org/wiki/Heilongjiang.html]
[en.wikipedia.org/wiki/Jiangsu.html]
[en.wikipedia.org/wiki/Zhejiang.html]
[en.wikipedia.org/wiki/Anhui.html]
[en.wikipedia.org/wiki/Demography_of_the_People's_Republic_of_China.html]
[en.wikipedia.org/wiki/Fujian.html]
[en.wikipedia.org/wiki/Jiangxi]
[en.wikipedia.org/wiki/User_talk_Ram_Mallika.html]
[en.wikipedia.org/wiki/Special_WhatLinksHere/User_Ram_Mallika.html]
[en.wikipedia.org/wiki/User_Ram_Mallika.html]
[en.wikipedia.org/wiki/User_talk_Wookipedian.html]
[en.wikipedia.org/wiki/Special_RecentChangesLinked/User_Ram_Mallika]
[en.wikipedia.org/wiki/User_Wookipedian.html]
[en.wikipedia.org/wiki/User_Damifb.html]
[en.wikipedia.org/wiki/User_talk_Damifb.html]
[en.wikipedia.org/wiki/Special_WhatLinksHere/User_Wookipedian]
[en.wikipedia.org/wiki/Atheism.html]
[en.wikipedia.org/wiki/Wikipedia_Featured_articles.html]
[upload.wikimedia.org/wikipedia/en/thumb/e/e7/Cscr-featured.svg/20px-Cscr-featured.svg.png]
[en.wikipedia.org/wiki/Wikipedia_Protection_policy.html]
[upload.wikimedia.org/wikipedia/en/thumb/1/1b/Semi-protection-shackle.svg/20px-Semi-protection-shackle.svg.png]
[en.wikipedia.org/wiki/Atheists.html]
[en.wikipedia.org/wiki/Irreligion.html]
[en.wikipedia.org/wiki/User_Onetruetweedle.html]
[en.wikipedia.org/wiki/User_talk_Onetruetweedle.html]
[en.wikipedia.org/wiki/User_Bryces.html]
[en.wikipedia.org/wiki/User_talk_Bryces.html]
[en.wikipedia.org/wiki/Weak_and_strong_atheism.html]
[en.wikipedia.org/wiki/User_-ramz-.html]
[en.wikipedia.org/wiki/User_talk_-ramz-.html]
[en.wikipedia.org/wiki/User_Aaftabj.html]
[en.wikipedia.org/wiki/User_talk_Aaftabj.html]
[en.wikipedia.org/wiki/File_Worldwide_percentage_of_Adherants_by_Religion.html]
[en.wikipedia.org/wiki/User_Kupos.html]
[commons.wikimedia.org/wiki/File_Worldwide_percentage_of_Adherents_by_Religion-ar.html]
[en.wikipedia.org/wiki/Wikipedia_Graphs_and_charts.html]
[en.wikipedia.org/wiki/Public_domain.html]
[en.wikipedia.org/w/indexbacb.html]
[en.wikipedia.org/wiki/Atheist_(disambiguation).html]
[en.wikipedia.org/wiki/Talk_Major_religious_groups/Archive_3.html]
[en.wikipedia.org/wiki/User_talk_TheGreenEditor/Archive_1.html]
[en.wikipedia.org/wiki/Special_MyTalk.html]
[en.wikipedia.org/wiki/Special_MyContributions.html]
[en.wikipedia.org/w/index9cb2.html]
[en.wikipedia.org/w/indexed40.html]
[en.wikipedia.org/wiki/File_talk_Worldwide_percentage_of_Adherents_by_Religion.html]
[en.wikipedia.org/wiki/Main_Page.html]
[en.wikipedia.org/wiki/Wikipedia_Contents.html]
[en.wikipedia.org/wiki/Portal_Current_events.html]
[en.wikipedia.org/wiki/1972_Honduran_Cup.html]
[en.wikipedia.org/wiki/Wikipedia_About.html]
[en.wikipedia.org/wiki/Help_Contents.html]
[en.wikipedia.org/wiki/Help_Introduction.html]
[en.wikipedia.org/wiki/Wikipedia_Community_portal.html]
[en.wikipedia.org/wiki/Special_RecentChanges.html]
[en.wikipedia.org/wiki/Wikipedia_File_Upload_Wizard.html]
[en.wikipedia.org/wiki/Special_WhatLinksHere/File_Worldwide_percentage_of_Adherents_by_Religion.html]
[en.wikipedia.org/wiki/Special_SpecialPages.html]
[en.wikipedia.org/wiki/Wikipedia_General_disclaimer.html]
[www.process.org/discept/author/doug/page/4/index.html]
[www.process.org/discept/category/belief-systems/page/4/index.html]
[www.process.org/discept/page/5/index.html]
[file/C_/DOCUME_1/misickod/LOCALS_1/Temp/moz-screenshot.jpg]
[en.m.wikipedia.org/wiki/Main_Page.html]
[en.m.wikipedia.org/wiki/Yuriy_Prodan.html]
[en.m.wikipedia.org/wiki/Special_Nearby.html]
[en.m.wikipedia.org/w/indexed40.html]
[en.m.wikipedia.org/w/index4791.html]
[en.m.wikipedia.org/wiki/Wikipedia_About.html]
[en.m.wikipedia.org/wiki/Wikipedia_General_disclaimer.html]
[en.m.wikipedia.org/wiki/File_talk_Worldwide_percentage_of_Adherents_by_Religion.html]
[en.m.wikipedia.org/wiki/Talk_Major_religious_groups/Archive_3.html]
[en.m.wikipedia.org/wiki/User_talk_TheGreenEditor/Archive_1.html]
[commons.wikimedia.org/wiki/Skins.vector.legacy.html]
[commons.m.wikimedia.org/wiki/File_Worldwide_percentage_of_Adherents_by_Religion.html]
[commons.wikimedia.org/wiki/Template_Convert_to_wikichart/en.html]
[commons.wikimedia.org/wiki/Template_Convert_to_wikichart/fr.html]
[commons.wikimedia.org/wiki/Template_Convert_to_wikichart/pl.html]
[commons.wikimedia.org/wiki/Template_Convert_to_wikichart/mk.html]
[commons.wikimedia.org/wiki/User_Jack_Bauer00.html]
[commons.wikimedia.org/wiki/User_talk_Jack_Bauer00.html]
[commons.wikimedia.org/wiki/Special_Contributions/Jack_Bauer00.html]
[commons.wikimedia.org/wiki/Top_200_images_that_should_use_wikicharts.html]
[commons.wikimedia.org/wiki/User_Tryphon/Top_200_graph_images_that_should_use_vector_graphics.html]
[commons.wikimedia.org/wiki/File_Tỷ_lệ_phần_trăm_các_Tín_đồ_Tôn_giáo_trên_thế_giới_(giữa_năm_2005).html]
[commons.wikimedia.org/wiki/Special_Categories.html]
[commons.wikimedia.org/wiki/Category_Religion_statistics.html]
[commons.wikimedia.org/wiki/Category_Pie_charts_in_English.html]
[commons.wikimedia.org/wiki/Category_Images_which_should_use_wikicharts.html]
[commons.wikimedia.org/wiki/Category_PD-user.html]
[commons.wikimedia.org/wiki/Category_Images_created_or_edited_with_IrfanView.html]
[commons.wikimedia.org/wiki/Special_MyTalk.html]
[commons.wikimedia.org/wiki/Special_MyContributions.html]
[commons.wikimedia.org/w/index9cb2.html]
[commons.wikimedia.org/w/indexed40.html]
[commons.wikimedia.org/wiki/File_talk_Worldwide_percentage_of_Adherents_by_Religion.html]
[commons.wikimedia.org/wiki/Main_Page.html]
[commons.wikimedia.org/wiki/Commons_Welcome.html]
[commons.wikimedia.org/wiki/Commons_Community_portal.html]
[commons.wikimedia.org/wiki/Commons_Village_pump.html]
[commons.wikimedia.org/wiki/Special_MyLanguage/Help_Contents.html]
[commons.wikimedia.org/wiki/Special_UploadWizard.html]
[commons.wikimedia.org/wiki/Special_RecentChanges.html]
[commons.wikimedia.org/wiki/Special_NewFiles.html]
[commons.wikimedia.org/wiki/File_Montauban-de-Picardie_Quarry_Cemetery_10.html]
[commons.wikimedia.org/wiki/Commons_Contact_us.html]
[commons.wikimedia.org/wiki/Special_WhatLinksHere/File_Worldwide_percentage_of_Adherents_by_Religion.html]
[commons.wikimedia.org/wiki/Special_RecentChangesLinked/File_Worldwide_percentage_of_Adherents_by_Religion.html]
[commons.wikimedia.org/wiki/Special_SpecialPages.html]
[commons.wikimedia.org/wiki/Commons_General_disclaimer.html]
[en.wikipedia.org/wiki/Demographics_of_China.html]
[en.wikipedia.org/wiki/Demographics_of_Taiwan.html]
[en.wikipedia.org/wiki/China.html]
[en.wikipedia.org/wiki/File_China_population_sex_by_age_on_Nov,_1st,_2020.html]
[en.wikipedia.org/wiki/Population_pyramid.html]
[en.wikipedia.org/wiki/Zhuang_people.html]
[en.wikipedia.org/wiki/Manchu_people.html]
[en.wikipedia.org/wiki/Hui_people.html]
[en.wikipedia.org/wiki/Miao_people.html]
[en.wikipedia.org/wiki/Uyghurs.html]
[en.wikipedia.org/wiki/Yi_people.html]
[en.wikipedia.org/wiki/Tujia_people.html]
[en.wikipedia.org/wiki/Mongols.html]
[en.wikipedia.org/wiki/Tibetan_people.html]
[en.wikipedia.org/wiki/Bouyei_people.html]
[en.wikipedia.org/wiki/Kam_people.html]
[en.wikipedia.org/wiki/Yao_people.html]
[en.wikipedia.org/wiki/Koreans.html]
[en.wikipedia.org/wiki/Bai_people.html]
[en.wikipedia.org/wiki/Hani_people.html]
[en.wikipedia.org/wiki/Hlai_people.html]
[en.wikipedia.org/wiki/Kazakhs.html]
[en.wikipedia.org/wiki/Dai_people.html]
[en.wikipedia.org/wiki/She_people.html]
[en.wikipedia.org/wiki/Lisu_people.html]
[en.wikipedia.org/wiki/Gelao_people.html]
[en.wikipedia.org/wiki/Lahu_people.html]
[en.wikipedia.org/wiki/Dongxiangs.html]
[en.wikipedia.org/wiki/Wa_people.html]
[en.wikipedia.org/wiki/Sui_people.html]
[en.wikipedia.org/wiki/Nakhi_people.html]
[en.wikipedia.org/wiki/Qiang_people.html]
[en.wikipedia.org/wiki/Monguor_people.html]
[en.wikipedia.org/wiki/Sibe_people.html]
[en.wikipedia.org/wiki/Mulao_people.html]
[en.wikipedia.org/wiki/Kyrgyz_people.html]
[en.wikipedia.org/wiki/Daur_people.html]
[en.wikipedia.org/wiki/Jingpo_people.html]
[en.wikipedia.org/wiki/Salar_people.html]
[en.wikipedia.org/wiki/Blang_people.html]
[en.wikipedia.org/wiki/Maonan_people.html]
[en.wikipedia.org/wiki/Tajiks.html]
[en.wikipedia.org/wiki/Pumi_people.html]
[en.wikipedia.org/wiki/Achang_people.html]
[en.wikipedia.org/wiki/Nu_people.html]
[en.wikipedia.org/wiki/Evenks.html]
[en.wikipedia.org/wiki/Gin_people.html]
[en.wikipedia.org/wiki/Jino_people.html]
[en.wikipedia.org/wiki/Palaung_people.html]
[en.wikipedia.org/wiki/Uzbeks.html]
[en.wikipedia.org/wiki/Russians_in_China.html]
[en.wikipedia.org/wiki/Yugur.html]
[en.wikipedia.org/wiki/Monpa_people.html]
[en.wikipedia.org/wiki/Oroqen_people.html]
[en.wikipedia.org/wiki/Derung_people.html]
[en.wikipedia.org/wiki/Tatars.html]
[en.wikipedia.org/wiki/Nanai_people.html]
[en.wikipedia.org/wiki/Lhoba_people.html]
[en.wikipedia.org/wiki/Standard_Chinese.html]
[en.wikipedia.org/wiki/Languages_of_China.html]
[en.wikipedia.org/wiki/One-child_policy.html]
[en.wikipedia.org/wiki/2020_Chinese_census.html]
[en.wikipedia.org/wiki/Ethnic_minorities_in_China.html]
[en.wikipedia.org/wiki/2010_Chinese_census.html]
[en.wikipedia.org/wiki/Mainland_China.html]
[en.wikipedia.org/wiki/Demographics_of_Hong_Kong.html]
[en.wikipedia.org/wiki/Demographics_of_Macau.html]
[en.wikipedia.org/wiki/Mw-data_TemplateStyles_r1033289096.html]
[en.wikipedia.org/wiki/Ethnic_groups_in_Chinese_history.html]
[en.wikipedia.org/wiki/File_Wiki_letter_w_cropped.html]
[en.wikipedia.org/wiki/Population_history_of_China.html]
[en.wikipedia.org/wiki/File_China_population_growth.html]
[en.wikipedia.org/wiki/File_Historical_population_of_India_and_China.html]
[en.wikipedia.org/wiki/Mao_Zedong.html]
[en.wikipedia.org/wiki/Mw-data_TemplateStyles_r1039153519.html]
[en.wikipedia.org/wiki/Warring_States.html]
[en.wikipedia.org/wiki/Western_Han.html]
[en.wikipedia.org/wiki/Eastern_Han.html]
[en.wikipedia.org/wiki/Western_Jin.html]
[en.wikipedia.org/wiki/Sixteen_Kingdoms.html]
[en.wikipedia.org/wiki/Northern_and_Southern_dynasties.html]
[en.wikipedia.org/wiki/Sui_dynasty.html]
[en.wikipedia.org/wiki/Tang_dynasty.html]
[en.wikipedia.org/wiki/Northern_Song.html]
[en.wikipedia.org/wiki/Southern_Song.html]
[en.wikipedia.org/wiki/Yuan_dynasty.html]
[en.wikipedia.org/wiki/Ming_dynasty.html]
[en.wikipedia.org/wiki/Qing_dynasty.html]
[en.wikipedia.org/wiki/Qing.html]
[en.wikipedia.org/wiki/Republic_of_China_(1912–1949).html]
[en.wikipedia.org/wiki/People's_Republic_of_China.html]
[en.wikipedia.org/wiki/Census_in_China.html]
[en.wikipedia.org/wiki/1953_Chinese_census.html]
[en.wikipedia.org/wiki/1964_Chinese_census.html]
[en.wikipedia.org/wiki/1982_Chinese_census.html]
[en.wikipedia.org/wiki/1990_Chinese_census.html]
[en.wikipedia.org/wiki/2000_Chinese_census.html]
[en.wikipedia.org/wiki/United_Nations_Fund_for_Population_Activities.html]
[en.wikipedia.org/wiki/Obstetrics.html]
[en.wikipedia.org/wiki/Yi_Fuxian.html]
[en.wikipedia.org/wiki/File_China_Sex_by_Age_1953_census.html]
[en.wikipedia.org/wiki/File_China_Sex_By_Age_1964_census.html]
[en.wikipedia.org/wiki/File_China_Sex_By_Age_1982_census.html]
[en.wikipedia.org/wiki/File_China_Sex_By_Age_1990_census.html]
[en.wikipedia.org/wiki/File_China_Sex_By_Age_2000_census.html]
[en.wikipedia.org/wiki/File_China_population_pyramid_projected_for_2030.html]
[en.wikipedia.org/wiki/Hebei.html]
[en.wikipedia.org/wiki/Tianjin.html]
[en.wikipedia.org/wiki/Shanxi.html]
[en.wikipedia.org/wiki/Inner_Mongolia.html]
[en.wikipedia.org/wiki/Rehe_Province.html]
[en.wikipedia.org/wiki/Liaoning.html]
[en.wikipedia.org/wiki/Jilin.html]
[en.wikipedia.org/wiki/Heilongjiang.html]
[en.wikipedia.org/wiki/Jiangsu.html]
[en.wikipedia.org/wiki/Zhejiang.html]
[en.wikipedia.org/wiki/Anhui.html]
[en.wikipedia.org/wiki/Fujian.html]
[en.wikipedia.org/wiki/Jiangxi]
[en.wikipedia.org/wiki/User_talk_Ram_Mallika.html]
[en.wikipedia.org/wiki/Special_WhatLinksHere/User_Ram_Mallika.html]
[en.wikipedia.org/wiki/Special_RecentChangesLinked/User_Ram_Mallika]
[en.wikipedia.org/wiki/User_talk_Wookipedian.html]
[en.wikipedia.org/wiki/Special_WhatLinksHere/User_Wookipedian]
[en.wikipedia.org/wiki/Atheism.html]
[en.wikipedia.org/wiki/Wikipedia_Featured_articles.html]
[en.wikipedia.org/wiki/Wikipedia_Protection_policy.html]
[en.wikipedia.org/wiki/Atheist_(disambiguation).html]
[dictionary.oed.com.ezp1.harvard.edu/graphics/parser/gifs/sp/em.gif]
[en.wikipedia.org/wiki/List_of_countries_by_population_growth_rate.html]
[en.wikipedia.org/wiki/Han_Chinese]
[en.wikipedia.org/wiki/Bonan_people]
[upload.wikimedia.org/wikipedia/commons/thumb/2/29/China_population_growth.svg/300px-China_population_growth.svg.png]
[upload.wikimedia.org/wikipedia/commons/thumb/f/f1/China_Sex_By_Age_1982_census.png/275px-China_Sex_By_Age_1982_census.png]
[upload.wikimedia.org/wikipedia/commons/thumb/6/60/China_Sex_By_Age_2000_census.png/275px-China_Sex_By_Age_2000_census.png]
[en.wikipedia.org/wiki/File_China_Sex_By_Age_2010_census.html]
[upload.wikimedia.org/wikipedia/commons/thumb/1/1a/China_Sex_By_Age_2010_census.png/275px-China_Sex_By_Age_2010_census.png]
